==========================================================================================
   TRINITY: FINAL MISSION SIMULATION - SWARM TARGET ACQUISITION
==========================================================================================
Step  | Leader Pos         | Formation    | Dist to Target
------------------------------------------------------------------------------------------
00    | (82,33)            | SYNCING      | 203.57m
01    | (88,41)            | SYNCING      | 193.57m
02    | (94,49)            | SYNCING      | 183.57m
03    | (100,58)           | SYNCING      | 173.57m
04    | (105,66)           | SYNCING      | 163.57m
05    | (111,74)           | SYNCING      | 153.57m
06    | (117,82)           | SYNCING      | 143.57m
07    | (123,90)           | SYNCING      | 133.57m
08    | (128,98)           | SYNCING      | 123.57m
09    | (134,107)          | SYNCING      | 113.57m
10    | (140,115)          | SYNCING      | 103.57m
11    | (146,123)          | SYNCING      | 93.57m
12    | (151,131)          | SYNCING      | 83.57m
13    | (157,139)          | SYNCING      | 73.57m
14    | (163,148)          | SYNCING      | 63.57m
15    | (169,156)          | SYNCING      | 53.57m
16    | (174,164)          | SYNCING      | 43.57m
17    | (180,172)          | SYNCING      | 33.57m
18    | (186,180)          | SYNCING      | 23.57m
19    | (192,188)          | SYNCING      | 13.57m
20    | (197,197)          | SYNCING      | 3.57m

[SUCCESS] Swarm Target Acquired. Mission Complete.
==========================================================================================
[TRINITY] Portfolio Finalized Successfully.
